// Jest Snapshot v1, https://goo.gl/fbAQLP

exports[`requireTemplate not valid lodash 1`] = `"Error requiring oc-template: \\"lodash\\" is not a valid oc-template"`;

exports[`requireTemplate not valid oc-invalid-template 1`] = `"Error requiring oc-template: \\"oc-invalid-template\\" not found"`;

exports[`requireTemplate valid oc-template-handlebars 1`] = `
Object {
  "compile": [Function],
  "getCompiledTemplate": [Function],
  "getInfo": [Function],
  "render": [Function],
}
`;

exports[`requireTemplate valid oc-template-jade 1`] = `
Object {
  "compile": [Function],
  "getCompiledTemplate": [Function],
  "getInfo": [Function],
  "render": [Function],
}
`;
